// Jest Snapshot v1, https://goo.gl/fbAQLP

exports[`Header wrapper should render snapshot correctly 1`] = `ShallowWrapper {}`;
